// Jest Snapshot v1, https://goo.gl/fbAQLP

exports[`Pruebas en el componente <ProductCard /> Debe de motrar el componente correctamente 1`] = `[Function]`;
